// Jest Snapshot v1, https://goo.gl/fbAQLP

exports[`InputField Component should render correctly 1`] = `<input />`;
